// Jest Snapshot v1, https://goo.gl/fbAQLP

exports[`Button renders correctly 1`] = `
<div>
  <button
    class=""
    type="button"
  >
    Click me
  </button>
</div>
`;
