// Jest Snapshot v1, https://goo.gl/fbAQLP

exports[`Footer renders correctly 1`] = `
<div>
  <div>
    <h2>
      made with ðŸ’œ by hedÃªnica
    </h2>
  </div>
</div>
`;
