// Jest Snapshot v1, https://goo.gl/fbAQLP

exports[`Header renders correctly 1`] = `
<div>
  <div>
    <img
      alt="github-icon"
      src="[object Object]"
    />
    <h2>
      github-search
    </h2>
  </div>
</div>
`;
